Processing EPACT ...
Processing ERGO2 ...
Processing NetTCR22 ...
Processing SCEPTR ...
Processing ERGO ...
Processing NetTCR ...
Processing PanPep ...
Processing TITAN ...

========================================
Experiment 1: Overall mutation prediction
========================================

   Model  N_Pairs  N_Mutations  N_Eligible_Mutations  N_Positive_Pairs  N_Negative_Pairs  Macro_AUC0.1  Macro_AUPRC  Pooled_AUC0.1  Pooled_AUPRC
    ERGO     3591          171                   113              3027               564        0.6441       0.8395         0.5264        0.8707
   EPACT     3591          171                   113              3027               564        0.6285       0.8131         0.5212        0.8705
  PanPep     3591          171                   113              3027               564        0.6188       0.8153         0.5190        0.8821
   TITAN     3591          171                   113              3027               564        0.6140       0.8194         0.4819        0.8004
  NetTCR     3591          171                   113              3027               564        0.6086       0.8074         0.5217        0.8602
NetTCR22     3591          171                   113              3027               564        0.5928       0.7627         0.5020        0.8360
   ERGO2     3591          171                   113              3027               564        0.5527       0.7747         0.4957        0.8440
  SCEPTR     3591          171                   113              3027               564        0.5328       0.8009         0.5061        0.8636

Saved:
  experiment1_overall_metrics.csv
  experiment1_per_mutation_metrics.csv
