Reading EPACT ...
Reading ERGO2 ...
Reading NetTCR22 ...
Reading SCEPTR ...
Reading ERGO ...
Reading NetTCR ...
Reading PanPep ...
Reading TITAN ...

Experimental consistency check:
Total TCR-mutant pairs: 3591
Inconsistent experimental records: 0

=== Position summary ===
 Mutation_Position  N_Mutations  Mean_Binder_Fraction  Median_Binder_Fraction  SD_Binder_Fraction  Mean_log2FC  Mean_Delta_log2FC  Median_Delta_log2FC
                 1           19                 1.000                   1.000               0.000        3.274             -0.871               -0.993
                 2           19                 0.982                   1.000               0.048        2.280             -1.866               -1.659
                 3           19                 0.855                   0.905               0.137        1.014             -3.131               -3.585
                 4           19                 0.855                   0.857               0.096        0.997             -3.148               -3.386
                 5           19                 0.569                   0.571               0.093        0.052             -4.094               -4.184
                 6           19                 0.734                   0.762               0.146        0.634             -3.511               -3.770
                 7           19                 0.767                   0.762               0.163        0.924             -3.222               -3.391
                 8           19                 0.887                   0.905               0.096        1.801             -2.344               -2.313
                 9           19                 0.937                   1.000               0.087        1.867             -2.278               -2.262

=== R5 vs non-R5 ===
R5_Group  N_Mutations  Mean_Binder_Fraction  Median_Binder_Fraction  Mean_Delta_log2FC  Median_Delta_log2FC
      R5           19                 0.569                   0.571             -4.094               -4.184
  non-R5          152                 0.877                   0.905             -2.546               -2.819

Generated files:
  all_models_mutation_pair_level.csv
  all_models_mutation_effect_summary.csv
  experiment2_mutation_summary.csv
  experiment2_position_summary.csv
  experiment2_r5_summary.csv
  fig4a_mutation_binder_fraction.csv
  fig4_position_blocks.csv
  fig4d_experimental_heatmap.csv
